---
source: tests/graph_fixtures.rs
assertion_line: 219
expression: chieu_gon(& rows)
---
r0 lane=0 color=0 pass=[] out=[0->0, 0->1] trunc=0 term=false
r1 lane=1 color=1 pass=[0->0] out=[1->1] trunc=0 term=false
r2 lane=1 color=1 pass=[0->0] out=[1->1] trunc=0 term=false
r3 lane=1 color=1 pass=[0->0] out=[] trunc=0 term=false
r4 lane=0 color=0 pass=[] out=[0->0] trunc=0 term=false
r5 lane=0 color=0 pass=[] out=[0->0] trunc=0 term=false
r6 lane=0 color=0 pass=[] out=[] trunc=0 term=false
